ir\ramtung\tinyme\domain\entity\Shareholder.class
ir\ramtung\tinyme\messaging\event\Event.class
ir\ramtung\tinyme\domain\entity\Side.class
ir\ramtung\tinyme\messaging\event\OrderAcceptedEvent.class
ir\ramtung\tinyme\messaging\event\OrderRejectedEvent.class
ir\ramtung\tinyme\domain\entity\MatchResult.class
ir\ramtung\tinyme\domain\entity\Order$OrderBuilder.class
ir\ramtung\tinyme\domain\entity\Side$1.class
ir\ramtung\tinyme\domain\entity\MatchingOutcome.class
ir\ramtung\tinyme\messaging\event\OrderDeletedEvent.class
ir\ramtung\tinyme\domain\service\Matcher.class
ir\ramtung\tinyme\domain\entity\OrderStatus.class
ir\ramtung\tinyme\domain\entity\Trade$TradeBuilder.class
ir\ramtung\tinyme\messaging\event\OrderExecutedEvent.class
ir\ramtung\tinyme\domain\service\OrderHandler.class
ir\ramtung\tinyme\domain\entity\Security$SecurityBuilder.class
ir\ramtung\tinyme\domain\entity\Security.class
ir\ramtung\tinyme\repository\SecurityRepository.class
ir\ramtung\tinyme\domain\entity\Broker$BrokerBuilder.class
ir\ramtung\tinyme\domain\entity\Broker.class
ir\ramtung\tinyme\domain\entity\OrderBook.class
ir\ramtung\tinyme\messaging\RequestDispatcher.class
ir\ramtung\tinyme\messaging\EventPublisher.class
ir\ramtung\tinyme\repository\DataLoader.class
ir\ramtung\tinyme\domain\entity\Side$2.class
ir\ramtung\tinyme\messaging\exception\InvalidRequestException.class
ir\ramtung\tinyme\repository\BrokerRepository.class
ir\ramtung\tinyme\messaging\MessagingConfig.class
ir\ramtung\tinyme\messaging\request\OrderEntryType.class
ir\ramtung\tinyme\repository\ShareholderRepository.class
ir\ramtung\tinyme\domain\entity\Order.class
ir\ramtung\tinyme\messaging\event\OrderUpdatedEvent.class
ir\ramtung\tinyme\domain\entity\Trade.class
ir\ramtung\tinyme\TinyMeApplication.class
ir\ramtung\tinyme\domain\entity\IcebergOrder.class
ir\ramtung\tinyme\domain\entity\Shareholder$ShareholderBuilder.class
ir\ramtung\tinyme\messaging\request\EnterOrderRq.class
ir\ramtung\tinyme\messaging\Message.class
ir\ramtung\tinyme\messaging\request\DeleteOrderRq.class
ir\ramtung\tinyme\messaging\TradeDTO.class
