C:\Users\Windows 11\Downloads\TinyME-main\TinyME-main\src\main\java\ir\ramtung\tinyme\domain\entity\OrderStatus.java
C:\Users\Windows 11\Downloads\TinyME-main\TinyME-main\src\main\java\ir\ramtung\tinyme\messaging\request\DeleteOrderRq.java
C:\Users\Windows 11\Downloads\TinyME-main\TinyME-main\src\main\java\ir\ramtung\tinyme\repository\ShareholderRepository.java
C:\Users\Windows 11\Downloads\TinyME-main\TinyME-main\src\main\java\ir\ramtung\tinyme\domain\entity\Side.java
C:\Users\Windows 11\Downloads\TinyME-main\TinyME-main\src\main\java\ir\ramtung\tinyme\messaging\RequestDispatcher.java
C:\Users\Windows 11\Downloads\TinyME-main\TinyME-main\src\main\java\ir\ramtung\tinyme\domain\entity\Broker.java
C:\Users\Windows 11\Downloads\TinyME-main\TinyME-main\src\main\java\ir\ramtung\tinyme\repository\DataLoader.java
C:\Users\Windows 11\Downloads\TinyME-main\TinyME-main\src\main\java\ir\ramtung\tinyme\domain\entity\Order.java
C:\Users\Windows 11\Downloads\TinyME-main\TinyME-main\src\main\java\ir\ramtung\tinyme\domain\entity\OrderBook.java
C:\Users\Windows 11\Downloads\TinyME-main\TinyME-main\src\main\java\ir\ramtung\tinyme\domain\entity\MatchResult.java
C:\Users\Windows 11\Downloads\TinyME-main\TinyME-main\src\main\java\ir\ramtung\tinyme\domain\entity\Shareholder.java
C:\Users\Windows 11\Downloads\TinyME-main\TinyME-main\src\main\java\ir\ramtung\tinyme\messaging\event\Event.java
C:\Users\Windows 11\Downloads\TinyME-main\TinyME-main\src\main\java\ir\ramtung\tinyme\messaging\event\OrderExecutedEvent.java
C:\Users\Windows 11\Downloads\TinyME-main\TinyME-main\src\main\java\ir\ramtung\tinyme\messaging\event\OrderRejectedEvent.java
C:\Users\Windows 11\Downloads\TinyME-main\TinyME-main\src\main\java\ir\ramtung\tinyme\domain\service\OrderHandler.java
C:\Users\Windows 11\Downloads\TinyME-main\TinyME-main\src\main\java\ir\ramtung\tinyme\repository\SecurityRepository.java
C:\Users\Windows 11\Downloads\TinyME-main\TinyME-main\src\main\java\ir\ramtung\tinyme\messaging\MessagingConfig.java
C:\Users\Windows 11\Downloads\TinyME-main\TinyME-main\src\main\java\ir\ramtung\tinyme\domain\entity\Trade.java
C:\Users\Windows 11\Downloads\TinyME-main\TinyME-main\src\main\java\ir\ramtung\tinyme\messaging\event\OrderDeletedEvent.java
C:\Users\Windows 11\Downloads\TinyME-main\TinyME-main\src\main\java\ir\ramtung\tinyme\repository\BrokerRepository.java
C:\Users\Windows 11\Downloads\TinyME-main\TinyME-main\src\main\java\ir\ramtung\tinyme\messaging\request\OrderEntryType.java
C:\Users\Windows 11\Downloads\TinyME-main\TinyME-main\src\main\java\ir\ramtung\tinyme\domain\service\Matcher.java
C:\Users\Windows 11\Downloads\TinyME-main\TinyME-main\src\main\java\ir\ramtung\tinyme\TinyMeApplication.java
C:\Users\Windows 11\Downloads\TinyME-main\TinyME-main\src\main\java\ir\ramtung\tinyme\domain\entity\IcebergOrder.java
C:\Users\Windows 11\Downloads\TinyME-main\TinyME-main\src\main\java\ir\ramtung\tinyme\domain\entity\MatchingOutcome.java
C:\Users\Windows 11\Downloads\TinyME-main\TinyME-main\src\main\java\ir\ramtung\tinyme\messaging\Message.java
C:\Users\Windows 11\Downloads\TinyME-main\TinyME-main\src\main\java\ir\ramtung\tinyme\messaging\event\OrderUpdatedEvent.java
C:\Users\Windows 11\Downloads\TinyME-main\TinyME-main\src\main\java\ir\ramtung\tinyme\messaging\TradeDTO.java
C:\Users\Windows 11\Downloads\TinyME-main\TinyME-main\src\main\java\ir\ramtung\tinyme\messaging\EventPublisher.java
C:\Users\Windows 11\Downloads\TinyME-main\TinyME-main\src\main\java\ir\ramtung\tinyme\domain\entity\Security.java
C:\Users\Windows 11\Downloads\TinyME-main\TinyME-main\src\main\java\ir\ramtung\tinyme\messaging\request\EnterOrderRq.java
C:\Users\Windows 11\Downloads\TinyME-main\TinyME-main\src\main\java\ir\ramtung\tinyme\messaging\exception\InvalidRequestException.java
C:\Users\Windows 11\Downloads\TinyME-main\TinyME-main\src\main\java\ir\ramtung\tinyme\messaging\event\OrderAcceptedEvent.java
